app/api/contact/route.ts(32,64): error TS2339: Property 'errors' does not exist on type 'ZodError<unknown>'.
components/sections/Hero.tsx(58,57): error TS2322: Type '{ children: Element; variant: "ghost"; className: string; asChild: true; }' is not assignable to type 'IntrinsicAttributes & ButtonProps & RefAttributes<HTMLButtonElement>'.
  Property 'asChild' does not exist on type 'IntrinsicAttributes & ButtonProps & RefAttributes<HTMLButtonElement>'.
components/sections/Projects.tsx(100,78): error TS2322: Type '{ children: Element; variant: "outline"; size: "sm"; className: string; asChild: true; }' is not assignable to type 'IntrinsicAttributes & ButtonProps & RefAttributes<HTMLButtonElement>'.
  Property 'asChild' does not exist on type 'IntrinsicAttributes & ButtonProps & RefAttributes<HTMLButtonElement>'.
components/sections/Projects.tsx(107,62): error TS2322: Type '{ children: Element; size: "sm"; className: string; asChild: true; }' is not assignable to type 'IntrinsicAttributes & ButtonProps & RefAttributes<HTMLButtonElement>'.
  Property 'asChild' does not exist on type 'IntrinsicAttributes & ButtonProps & RefAttributes<HTMLButtonElement>'.
lib/animations.ts(6,17): error TS2353: Object literal may only specify known properties, and 'duration' does not exist in type 'Variant'.
lib/animations.ts(12,17): error TS2353: Object literal may only specify known properties, and 'duration' does not exist in type 'Variant'.
lib/animations.ts(27,17): error TS2353: Object literal may only specify known properties, and 'duration' does not exist in type 'Variant'.
